// Jest Snapshot v1, https://goo.gl/fbAQLP

exports[`matches snapshot 1`] = `
<div
  className="root"
>
  <Styled(MuiBox)
    mb={3}
  >
    <Logo />
  </Styled(MuiBox)>
  <WithStyles(ForwardRef(Button))
    onClick={[Function]}
    size="large"
    startIcon={
      <img
        alt="Google"
        src="google.svg"
      />
    }
    variant="outlined"
  >
    Sign In
  </WithStyles(ForwardRef(Button))>
</div>
`;
