// Jest Snapshot v1, https://goo.gl/fbAQLP

exports[`matches snapshot 1`] = `
<Fragment>
  <nav>
    <WithStyles(ForwardRef(Drawer))
      className="drawerMobile"
      classes={
        Object {
          "paper": "drawerPaper",
        }
      }
      onClose={[Function]}
      open={false}
      variant="temporary"
    >
      <DrawerContent
        onMenuItemClick={[Function]}
      />
    </WithStyles(ForwardRef(Drawer))>
    <WithStyles(ForwardRef(Drawer))
      className="drawerDesktop"
      classes={
        Object {
          "paper": "drawerPaper",
        }
      }
      open={true}
      variant="permanent"
    >
      <DrawerContent />
    </WithStyles(ForwardRef(Drawer))>
  </nav>
  <div
    className="wrapper"
  >
    <Switch>
      <Route
        path="/create-task-list"
      >
        <CreateTaskList
          drawerToggle={
            <ForwardRef(WithStyles)
              className="drawerToggle"
              color="inherit"
              edge="start"
              onClick={[Function]}
            >
              <UNDEFINED />
            </ForwardRef(WithStyles)>
          }
        />
      </Route>
      <Route
        path="/task-list/:taskListId/task/:id"
      >
        <Task
          drawerToggle={
            <ForwardRef(WithStyles)
              className="drawerToggle"
              color="inherit"
              edge="start"
              onClick={[Function]}
            >
              <UNDEFINED />
            </ForwardRef(WithStyles)>
          }
        />
      </Route>
      <Route
        path="/task-list/:id"
      >
        <TaskList
          drawerToggle={
            <ForwardRef(WithStyles)
              className="drawerToggle"
              color="inherit"
              edge="start"
              onClick={[Function]}
            >
              <UNDEFINED />
            </ForwardRef(WithStyles)>
          }
        />
      </Route>
      <Route
        path="/"
      >
        <Home
          drawerToggle={
            <ForwardRef(WithStyles)
              className="drawerToggle"
              color="inherit"
              edge="start"
              onClick={[Function]}
            >
              <UNDEFINED />
            </ForwardRef(WithStyles)>
          }
        />
      </Route>
    </Switch>
  </div>
</Fragment>
`;
