// Jest Snapshot v1, https://goo.gl/fbAQLP

exports[`matches snapshot 1`] = `
<Fragment>
  <WithStyles(ForwardRef(Drawer))
    anchor="left"
    className="drawer"
    classes={
      Object {
        "paper": "drawerPaper",
      }
    }
    variant="permanent"
  >
    <WithStyles(ForwardRef(List))>
      <WithStyles(ForwardRef(ListItem))
        button={true}
        onClick={[Function]}
      >
        <WithStyles(ForwardRef(ListItemIcon))>
          <InboxIcon />
        </WithStyles(ForwardRef(ListItemIcon))>
        <WithStyles(ForwardRef(ListItemText))
          primary="Inbox"
        />
      </WithStyles(ForwardRef(ListItem))>
    </WithStyles(ForwardRef(List))>
    <WithStyles(ForwardRef(Divider)) />
    <TaskLists />
    <WithStyles(ForwardRef(Divider)) />
    <WithStyles(ForwardRef(List))>
      <WithStyles(ForwardRef(ListItem))
        button={true}
        onClick={[Function]}
      >
        <WithStyles(ForwardRef(ListItemIcon))>
          <ExitToAppIcon />
        </WithStyles(ForwardRef(ListItemIcon))>
        <WithStyles(ForwardRef(ListItemText))
          primary="Sign Out"
        />
      </WithStyles(ForwardRef(ListItem))>
    </WithStyles(ForwardRef(List))>
  </WithStyles(ForwardRef(Drawer))>
  <main
    className="main"
  >
    <Switch>
      <Route
        path="/create-task-list"
      >
        <CreateTaskList />
      </Route>
      <Route
        path="/task-list/:taskListId/task/:id"
      >
        <Task />
      </Route>
      <Route
        path="/task-list/:id"
      >
        <TaskList />
      </Route>
      <Route
        path="/"
      >
        <Home />
      </Route>
    </Switch>
  </main>
</Fragment>
`;
