// Jest Snapshot v1, https://goo.gl/fbAQLP

exports[`matches snapshot 1`] = `
<Router
  history={
    Object {
      "action": "POP",
      "block": [Function],
      "canGo": [Function],
      "createHref": [Function],
      "entries": Array [
        Object {
          "hash": "",
          "key": "permanent-test-key",
          "pathname": "/",
          "search": "",
        },
      ],
      "go": [Function],
      "goBack": [Function],
      "goForward": [Function],
      "index": 0,
      "length": 1,
      "listen": [Function],
      "location": Object {
        "hash": "",
        "key": "permanent-test-key",
        "pathname": "/",
        "search": "",
      },
      "push": [Function],
      "replace": [Function],
    }
  }
>
  <TaskList
    onDelete={[Function]}
    taskLists={
      Array [
        Object {
          "etag": "\\"MTA0MzI0OTM1Nw\\"",
          "id": "RUVUM3JvcDUxTUNHcDUtdw",
          "kind": "tasks#taskList",
          "selfLink": "https://www.googleapis.com/tasks/v1/users/@me/lists/RUVUM3JvcDUxTUNHcDUtdw",
          "title": "The best task list",
          "updated": "2020-07-11T14:01:56.445Z",
        },
      ]
    }
  />
</Router>
`;
